// Jest Snapshot v1, https://goo.gl/fbAQLP

exports[`Test <GifExpertApp /> Se debe mostrar correctamente GifExpertApp 1`] = `
<Fragment>
  <h2
    className="text-4xl font-mono text-gray-800 animate__animated animate__backInLeft"
  >
    GifExpert-App
  </h2>
  <AddCategory
    setCategories={[Function]}
  />
  <hr />
  <ol
    className="mt-2"
  >
    <GifGrid
      category="Gato"
      key="Gato"
    />
    <GifGrid
      category="Oso"
      key="Oso"
    />
  </ol>
</Fragment>
`;
